{
  "name" : "PokerGPT",
  "stack" : 2080,
  "status" : "active",
  "bet" : 0,
  "hole_cards" : [ {
    "rank" : "4",
    "suit" : "diamonds"
  }, {
    "rank" : "9",
    "suit" : "hearts"
  } ],
  "version" : "5 with a test",
  "id" : 1,
  "time_used" : 4864095
}