{
  "ourPlace" : 0,
  "dealerPlace" : 0,
  "haveOtherPlayersBid" : false,
  "numberOfBidsBeforeUs" : 0
}