[0, 0] => 2 -> D|s|B|1
 
[0, 1] => 1 -> 1|D|s|B
 
[0, 2] => 4 -> B|1|D|s
 
[0, 3] => 3 -> s|B|1|D
 
[1, 0] => 3 -> D|s|B|1
 
[1, 1] => 2 -> 1|D|s|B
 
[1, 2] => 1 -> B|1|D|s
 
[1, 3] => 4 -> s|B|1|D
 
[2, 0] => 4 -> D|s|B|1
 
[2, 1] => 3 -> 1|D|s|B
 
[2, 2] => 2 -> B|1|D|s
 
[2, 3] => 1 -> s|B|1|D
 
[3, 0] => 1 -> D|s|B|1
 
[3, 1] => 4 -> 1|D|s|B
 
[3, 2] => 3 -> B|1|D|s
 
[3, 3] => 2 -> s|B|1|D
 
